// Jest Snapshot v1, https://goo.gl/fbAQLP

exports[`Subscription Cancel Dialog UI Render Subscription Cancel Dialog UI component 1`] = `
<CmsDialog
  className="dialog-add-edit-group"
  open={false}
>
  <div
    className="cms-dialog-content"
  >
    <div
      className="cms-dialog-title"
    >
      <span>
        CANCEL SUBSCRIPTION
      </span>
    </div>
    <div
      className="cms-dialog-main"
    >
      <div
        className="modal-body edit-group-container"
      >
        <p>
          Type "CANCEL" to confirm
        </p>
        <input
          className="form-control"
          placeholder=""
          type="text"
        />
      </div>
    </div>
    <div
      className="cms-dialog-footer"
    >
      <button
        className="btn btn-default"
        name="button"
        onClick={[Function]}
        type="button"
      >
        Cancel
      </button>
      <button
        className="btn btn-primary"
        disabled={true}
        name="button"
        type="button"
      >
        I want to cancel subscription
      </button>
    </div>
  </div>
</CmsDialog>
`;
